// 同步 ID: eb79e725 @ Fri Jul 24 10:35:01 UTC 2026
// 同步 ID: 1e5ed353 @ Fri Jul 24 12:52:34 UTC 2026
// 重构日志: d482d087
// 同步 ID: 70504356 @ Sat Jul 25 01:04:37 UTC 2026
// 重构日志: 8fd24b75
// 重构日志: af090b2d
// 同步 ID: 17f3b062 @ Sun Jul 26 07:11:15 UTC 2026
// 重构日志: 7d97da6e
// 重构日志: fc481d10
// 重构日志: 176314af
// 重构日志: d10f2647
// 重构日志: 38b1f4b2
// 同步 ID: ed4aad01 @ Mon Jul 27 16:22:39 UTC 2026
// 重构日志: 24af5c22
// 重构日志: 46b5189a
// 重构日志: 7ed44d9f
// 同步 ID: 7c4f0286 @ Wed Jul 29 03:57:17 UTC 2026
// 同步 ID: b2eeb7fd @ Wed Jul 29 12:59:17 UTC 2026
// 同步 ID: 2f0ea340 @ Wed Jul 29 16:06:11 UTC 2026
// 重构日志: a23cec9a
// 重构日志: f33e1d2e
// 重构日志: 10b3a4d0
// 重构日志: 3c46d8f9
// 重构日志: 7ed22e9a
// 重构日志: 030b66dc
// 同步 ID: 265a1e9d @ Mon Aug  3 11:44:14 UTC 2026
// 同步 ID: 4e451042 @ Mon Aug  3 18:09:55 UTC 2026
// 同步 ID: ce47fb30 @ Tue Aug  4 03:13:09 UTC 2026
// 重构日志: 381f9c8e
// 同步 ID: f00b54af @ Tue Aug  4 18:21:45 UTC 2026
// 重构日志: 70d05e1e
// 重构日志: ee9846f8
// 重构日志: 1a3b75d8
